Multiplicação de Matrizes: A x B = C

Matriz A (1 x 10):
 004 003 009 003 001 002 001 008 005 000

Matriz B (10 x 1):
 001
 008
 004
 006
 005
 002
 007
 001
 006
 005

Matriz C (1 x 1):
 136
