Multiplicação de Matrizes: A x B = C

Matriz A (2 x 2):
 008 008
 003 007

Matriz B (2 x 10):
 000 008 009 007 008 003 007 000 005 007
 000 009 008 005 003 002 006 000 006 005

Matriz C (2 x 10):
 000 136 136 096 088 040 104 000 088 096
 000 087 083 056 045 023 063 000 057 056
